-- The C compiler identification is GNU 11.4.0
-- The CXX compiler identification is GNU 11.4.0
-- Detecting C compiler ABI info
-- Detecting C compiler ABI info - done
-- Check for working C compiler: /usr/bin/cc - skipped
-- Detecting C compile features
-- Detecting C compile features - done
-- Detecting CXX compiler ABI info
-- Detecting CXX compiler ABI info - done
-- Check for working CXX compiler: /usr/bin/c++ - skipped
-- Detecting CXX compile features
-- Detecting CXX compile features - done
-- Found ament_cmake: 1.3.10 (/opt/ros/humble/share/ament_cmake/cmake)
-- Found Python3: /usr/bin/python3 (found version "3.10.12") found components: Interpreter 
-- Found rclcpp: 16.0.10 (/opt/ros/humble/share/rclcpp/cmake)
-- Found rosidl_generator_c: 3.1.5 (/opt/ros/humble/share/rosidl_generator_c/cmake)
-- Found rosidl_adapter: 3.1.5 (/opt/ros/humble/share/rosidl_adapter/cmake)
-- Found rosidl_generator_cpp: 3.1.5 (/opt/ros/humble/share/rosidl_generator_cpp/cmake)
-- Using all available rosidl_typesupport_c: rosidl_typesupport_fastrtps_c;rosidl_typesupport_introspection_c
-- Using all available rosidl_typesupport_cpp: rosidl_typesupport_fastrtps_cpp;rosidl_typesupport_introspection_cpp
-- Found rmw_implementation_cmake: 6.1.2 (/opt/ros/humble/share/rmw_implementation_cmake/cmake)
-- Found rmw_fastrtps_cpp: 6.2.7 (/opt/ros/humble/share/rmw_fastrtps_cpp/cmake)
-- Found OpenSSL: /usr/lib/aarch64-linux-gnu/libcrypto.so (found version "3.0.2")  
-- Found FastRTPS: /opt/ros/humble/include  
-- Using RMW implementation 'rmw_fastrtps_cpp' as default
-- Looking for pthread.h
-- Looking for pthread.h - found
-- Performing Test CMAKE_HAVE_LIBC_PTHREAD
-- Performing Test CMAKE_HAVE_LIBC_PTHREAD - Success
-- Found Threads: TRUE  
-- Found ament_lint_auto: 0.12.11 (/opt/ros/humble/share/ament_lint_auto/cmake)
-- Found gtest sources under '/opt/ros/humble/src/gtest_vendor': C++ tests using 'Google Test' will be built
-- Added test 'copyright' to check source files copyright and LICENSE
-- Added test 'cppcheck' to perform static code analysis on C / C++ code
-- Configured cppcheck include dirs: /root/robocup-software/src/rj_convert/include
-- Configured cppcheck exclude dirs and/or files: 
-- Added test 'cpplint' to check C / C++ code against the Google style
-- Configured cpplint exclude dirs and/or files: 
-- Added test 'lint_cmake' to check CMake code style
-- Added test 'uncrustify' to check C / C++ code style
-- Configured uncrustify additional arguments: 
-- Added test 'xmllint' to check XML markup files
-- Configuring done
-- Generating done
-- Build files have been written to: /root/robocup-software/build/rj_convert
[35m[1mConsolidate compiler generated dependencies of target gtest_main[0m
[35m[1mConsolidate compiler generated dependencies of target gtest[0m
[ 33%] Built target gtest_main
[ 66%] Built target gtest
[ 83%] [32mBuilding CXX object CMakeFiles/test_rj_convert.dir/test/ros_convert_test.cpp.o[0m
[100%] [32m[1mLinking CXX executable test_rj_convert[0m
[100%] Built target test_rj_convert
-- Install configuration: ""
-- Installing: /root/robocup-software/install/rj_convert/include/
-- Installing: /root/robocup-software/install/rj_convert/include//rj_convert
-- Installing: /root/robocup-software/install/rj_convert/include//rj_convert/ros_convert.hpp
-- Installing: /root/robocup-software/install/rj_convert/include//rj_convert/test
-- Installing: /root/robocup-software/install/rj_convert/include//rj_convert/test/ros_convert_testing.hpp
-- Installing: /root/robocup-software/install/rj_convert/share/ament_index/resource_index/package_run_dependencies/rj_convert
-- Installing: /root/robocup-software/install/rj_convert/share/ament_index/resource_index/parent_prefix_path/rj_convert
-- Installing: /root/robocup-software/install/rj_convert/share/rj_convert/environment/ament_prefix_path.sh
-- Installing: /root/robocup-software/install/rj_convert/share/rj_convert/environment/ament_prefix_path.dsv
-- Installing: /root/robocup-software/install/rj_convert/share/rj_convert/environment/path.sh
-- Installing: /root/robocup-software/install/rj_convert/share/rj_convert/environment/path.dsv
-- Installing: /root/robocup-software/install/rj_convert/share/rj_convert/local_setup.bash
-- Installing: /root/robocup-software/install/rj_convert/share/rj_convert/local_setup.sh
-- Installing: /root/robocup-software/install/rj_convert/share/rj_convert/local_setup.zsh
-- Installing: /root/robocup-software/install/rj_convert/share/rj_convert/local_setup.dsv
-- Installing: /root/robocup-software/install/rj_convert/share/rj_convert/package.dsv
-- Installing: /root/robocup-software/install/rj_convert/share/ament_index/resource_index/packages/rj_convert
-- Installing: /root/robocup-software/install/rj_convert/share/rj_convert/cmake/ament_cmake_export_dependencies-extras.cmake
-- Installing: /root/robocup-software/install/rj_convert/share/rj_convert/cmake/rj_convertConfig.cmake
-- Installing: /root/robocup-software/install/rj_convert/share/rj_convert/cmake/rj_convertConfig-version.cmake
-- Installing: /root/robocup-software/install/rj_convert/share/rj_convert/package.xml
