[0.005s] Invoking command in '/root/robocup-software/build/rj_convert': CMAKE_PREFIX_PATH=/opt/ros/humble /usr/bin/cmake /root/robocup-software/src/rj_convert -DCMAKE_INSTALL_PREFIX=/root/robocup-software/install/rj_convert
[0.061s] -- The C compiler identification is GNU 11.4.0
[0.097s] -- The CXX compiler identification is GNU 11.4.0
[0.103s] -- Detecting C compiler ABI info
[0.141s] -- Detecting C compiler ABI info - done
[0.146s] -- Check for working C compiler: /usr/bin/cc - skipped
[0.147s] -- Detecting C compile features
[0.147s] -- Detecting C compile features - done
[0.149s] -- Detecting CXX compiler ABI info
[0.189s] -- Detecting CXX compiler ABI info - done
[0.193s] -- Check for working CXX compiler: /usr/bin/c++ - skipped
[0.194s] -- Detecting CXX compile features
[0.194s] -- Detecting CXX compile features - done
[0.196s] -- Found ament_cmake: 1.3.10 (/opt/ros/humble/share/ament_cmake/cmake)
[0.270s] -- Found Python3: /usr/bin/python3 (found version "3.10.12") found components: Interpreter 
[0.309s] -- Found rclcpp: 16.0.10 (/opt/ros/humble/share/rclcpp/cmake)
[0.331s] -- Found rosidl_generator_c: 3.1.5 (/opt/ros/humble/share/rosidl_generator_c/cmake)
[0.334s] -- Found rosidl_adapter: 3.1.5 (/opt/ros/humble/share/rosidl_adapter/cmake)
[0.339s] -- Found rosidl_generator_cpp: 3.1.5 (/opt/ros/humble/share/rosidl_generator_cpp/cmake)
[0.345s] -- Using all available rosidl_typesupport_c: rosidl_typesupport_fastrtps_c;rosidl_typesupport_introspection_c
[0.355s] -- Using all available rosidl_typesupport_cpp: rosidl_typesupport_fastrtps_cpp;rosidl_typesupport_introspection_cpp
[0.379s] -- Found rmw_implementation_cmake: 6.1.2 (/opt/ros/humble/share/rmw_implementation_cmake/cmake)
[0.381s] -- Found rmw_fastrtps_cpp: 6.2.7 (/opt/ros/humble/share/rmw_fastrtps_cpp/cmake)
[0.416s] -- Found OpenSSL: /usr/lib/aarch64-linux-gnu/libcrypto.so (found version "3.0.2")  
[0.431s] -- Found FastRTPS: /opt/ros/humble/include  
[0.451s] -- Using RMW implementation 'rmw_fastrtps_cpp' as default
[0.456s] -- Looking for pthread.h
[0.498s] -- Looking for pthread.h - found
[0.498s] -- Performing Test CMAKE_HAVE_LIBC_PTHREAD
[0.537s] -- Performing Test CMAKE_HAVE_LIBC_PTHREAD - Success
[0.538s] -- Found Threads: TRUE  
[0.575s] -- Found ament_lint_auto: 0.12.11 (/opt/ros/humble/share/ament_lint_auto/cmake)
[0.617s] -- Found gtest sources under '/opt/ros/humble/src/gtest_vendor': C++ tests using 'Google Test' will be built
[0.623s] -- Added test 'copyright' to check source files copyright and LICENSE
[0.624s] -- Added test 'cppcheck' to perform static code analysis on C / C++ code
[0.624s] -- Configured cppcheck include dirs: /root/robocup-software/src/rj_convert/include
[0.624s] -- Configured cppcheck exclude dirs and/or files: 
[0.624s] -- Added test 'cpplint' to check C / C++ code against the Google style
[0.624s] -- Configured cpplint exclude dirs and/or files: 
[0.625s] -- Added test 'lint_cmake' to check CMake code style
[0.625s] -- Added test 'uncrustify' to check C / C++ code style
[0.625s] -- Configured uncrustify additional arguments: 
[0.625s] -- Added test 'xmllint' to check XML markup files
[0.626s] -- Configuring done
[0.636s] -- Generating done
[0.638s] -- Build files have been written to: /root/robocup-software/build/rj_convert
[0.643s] Invoked command in '/root/robocup-software/build/rj_convert' returned '0': CMAKE_PREFIX_PATH=/opt/ros/humble /usr/bin/cmake /root/robocup-software/src/rj_convert -DCMAKE_INSTALL_PREFIX=/root/robocup-software/install/rj_convert
[0.644s] Invoking command in '/root/robocup-software/build/rj_convert': CMAKE_PREFIX_PATH=/opt/ros/humble /usr/bin/cmake --build /root/robocup-software/build/rj_convert -- -j10 -l10
[0.660s] [35m[1mConsolidate compiler generated dependencies of target gtest_main[0m
[0.660s] [35m[1mConsolidate compiler generated dependencies of target gtest[0m
[0.667s] [ 33%] Built target gtest_main
[0.668s] [ 66%] Built target gtest
[0.677s] [ 83%] [32mBuilding CXX object CMakeFiles/test_rj_convert.dir/test/ros_convert_test.cpp.o[0m
[1.474s] [100%] [32m[1mLinking CXX executable test_rj_convert[0m
[1.584s] [100%] Built target test_rj_convert
[1.588s] Invoked command in '/root/robocup-software/build/rj_convert' returned '0': CMAKE_PREFIX_PATH=/opt/ros/humble /usr/bin/cmake --build /root/robocup-software/build/rj_convert -- -j10 -l10
[1.593s] Invoking command in '/root/robocup-software/build/rj_convert': CMAKE_PREFIX_PATH=/opt/ros/humble /usr/bin/cmake --install /root/robocup-software/build/rj_convert
[1.596s] -- Install configuration: ""
[1.596s] -- Installing: /root/robocup-software/install/rj_convert/include/
[1.596s] -- Installing: /root/robocup-software/install/rj_convert/include//rj_convert
[1.596s] -- Installing: /root/robocup-software/install/rj_convert/include//rj_convert/ros_convert.hpp
[1.596s] -- Installing: /root/robocup-software/install/rj_convert/include//rj_convert/test
[1.596s] -- Installing: /root/robocup-software/install/rj_convert/include//rj_convert/test/ros_convert_testing.hpp
[1.596s] -- Installing: /root/robocup-software/install/rj_convert/share/ament_index/resource_index/package_run_dependencies/rj_convert
[1.596s] -- Installing: /root/robocup-software/install/rj_convert/share/ament_index/resource_index/parent_prefix_path/rj_convert
[1.596s] -- Installing: /root/robocup-software/install/rj_convert/share/rj_convert/environment/ament_prefix_path.sh
[1.597s] -- Installing: /root/robocup-software/install/rj_convert/share/rj_convert/environment/ament_prefix_path.dsv
[1.597s] -- Installing: /root/robocup-software/install/rj_convert/share/rj_convert/environment/path.sh
[1.597s] -- Installing: /root/robocup-software/install/rj_convert/share/rj_convert/environment/path.dsv
[1.597s] -- Installing: /root/robocup-software/install/rj_convert/share/rj_convert/local_setup.bash
[1.597s] -- Installing: /root/robocup-software/install/rj_convert/share/rj_convert/local_setup.sh
[1.597s] -- Installing: /root/robocup-software/install/rj_convert/share/rj_convert/local_setup.zsh
[1.597s] -- Installing: /root/robocup-software/install/rj_convert/share/rj_convert/local_setup.dsv
[1.597s] -- Installing: /root/robocup-software/install/rj_convert/share/rj_convert/package.dsv
[1.597s] -- Installing: /root/robocup-software/install/rj_convert/share/ament_index/resource_index/packages/rj_convert
[1.597s] -- Installing: /root/robocup-software/install/rj_convert/share/rj_convert/cmake/ament_cmake_export_dependencies-extras.cmake
[1.597s] -- Installing: /root/robocup-software/install/rj_convert/share/rj_convert/cmake/rj_convertConfig.cmake
[1.597s] -- Installing: /root/robocup-software/install/rj_convert/share/rj_convert/cmake/rj_convertConfig-version.cmake
[1.597s] -- Installing: /root/robocup-software/install/rj_convert/share/rj_convert/package.xml
[1.598s] Invoked command in '/root/robocup-software/build/rj_convert' returned '0': CMAKE_PREFIX_PATH=/opt/ros/humble /usr/bin/cmake --install /root/robocup-software/build/rj_convert
