[0.004s] Invoking command in '/root/robocup-software/build/rj_convert': CMAKE_PREFIX_PATH=/opt/ros/humble /usr/bin/cmake /root/robocup-software/src/rj_convert -DCMAKE_INSTALL_PREFIX=/root/robocup-software/install/rj_convert
[0.064s] -- The C compiler identification is GNU 11.4.0
[0.111s] -- The CXX compiler identification is GNU 11.4.0
[0.116s] -- Detecting C compiler ABI info
[0.156s] -- Detecting C compiler ABI info - done
[0.160s] -- Check for working C compiler: /usr/bin/cc - skipped
[0.161s] -- Detecting C compile features
[0.161s] -- Detecting C compile features - done
[0.163s] -- Detecting CXX compiler ABI info
[0.202s] -- Detecting CXX compiler ABI info - done
[0.207s] -- Check for working CXX compiler: /usr/bin/c++ - skipped
[0.208s] -- Detecting CXX compile features
[0.208s] -- Detecting CXX compile features - done
[0.210s] -- Found ament_cmake: 1.3.10 (/opt/ros/humble/share/ament_cmake/cmake)
[0.282s] -- Found Python3: /usr/bin/python3 (found version "3.10.12") found components: Interpreter 
[0.321s] -- Found rclcpp: 16.0.10 (/opt/ros/humble/share/rclcpp/cmake)
[0.344s] -- Found rosidl_generator_c: 3.1.5 (/opt/ros/humble/share/rosidl_generator_c/cmake)
[0.347s] -- Found rosidl_adapter: 3.1.5 (/opt/ros/humble/share/rosidl_adapter/cmake)
[0.352s] -- Found rosidl_generator_cpp: 3.1.5 (/opt/ros/humble/share/rosidl_generator_cpp/cmake)
[0.359s] -- Using all available rosidl_typesupport_c: rosidl_typesupport_fastrtps_c;rosidl_typesupport_introspection_c
[0.369s] -- Using all available rosidl_typesupport_cpp: rosidl_typesupport_fastrtps_cpp;rosidl_typesupport_introspection_cpp
[0.393s] -- Found rmw_implementation_cmake: 6.1.2 (/opt/ros/humble/share/rmw_implementation_cmake/cmake)
[0.395s] -- Found rmw_fastrtps_cpp: 6.2.7 (/opt/ros/humble/share/rmw_fastrtps_cpp/cmake)
[0.435s] -- Found OpenSSL: /usr/lib/aarch64-linux-gnu/libcrypto.so (found version "3.0.2")  
[0.450s] -- Found FastRTPS: /opt/ros/humble/include  
[0.489s] -- Using RMW implementation 'rmw_fastrtps_cpp' as default
[0.493s] -- Looking for pthread.h
[0.533s] -- Looking for pthread.h - found
[0.534s] -- Performing Test CMAKE_HAVE_LIBC_PTHREAD
[0.571s] -- Performing Test CMAKE_HAVE_LIBC_PTHREAD - Success
[0.572s] -- Found Threads: TRUE  
[0.606s] -- Found ament_lint_auto: 0.12.11 (/opt/ros/humble/share/ament_lint_auto/cmake)
[0.650s] -- Found gtest sources under '/opt/ros/humble/src/gtest_vendor': C++ tests using 'Google Test' will be built
[0.657s] -- Added test 'copyright' to check source files copyright and LICENSE
[0.657s] -- Added test 'cppcheck' to perform static code analysis on C / C++ code
[0.658s] -- Configured cppcheck include dirs: /root/robocup-software/src/rj_convert/include
[0.658s] -- Configured cppcheck exclude dirs and/or files: 
[0.658s] -- Added test 'cpplint' to check C / C++ code against the Google style
[0.658s] -- Configured cpplint exclude dirs and/or files: 
[0.658s] -- Added test 'lint_cmake' to check CMake code style
[0.659s] -- Added test 'uncrustify' to check C / C++ code style
[0.659s] -- Configured uncrustify additional arguments: 
[0.659s] -- Added test 'xmllint' to check XML markup files
[0.661s] -- Configuring done
[0.668s] [0mCMake Error: INSTALL(EXPORT) given unknown export "rj_convert"[0m
[0.670s] -- Generating done
[0.671s] [0mCMake Generate step failed.  Build files cannot be regenerated correctly.[0m
[0.676s] Invoked command in '/root/robocup-software/build/rj_convert' returned '1': CMAKE_PREFIX_PATH=/opt/ros/humble /usr/bin/cmake /root/robocup-software/src/rj_convert -DCMAKE_INSTALL_PREFIX=/root/robocup-software/install/rj_convert
