[0.072s] DEBUG:colcon:Command line arguments: ['/usr/bin/colcon', 'build', '--packages-select', 'rj_convert', '--cmake-clean-cache']
[0.072s] DEBUG:colcon:Parsed command line arguments: Namespace(log_base=None, log_level=None, verb_name='build', build_base='build', install_base='install', merge_install=False, symlink_install=False, test_result_base=None, continue_on_error=False, executor='parallel', parallel_workers=10, event_handlers=None, ignore_user_meta=False, metas=['./colcon.meta'], base_paths=['.'], packages_ignore=None, packages_ignore_regex=None, paths=None, packages_up_to=None, packages_up_to_regex=None, packages_above=None, packages_above_and_dependencies=None, packages_above_depth=None, packages_select_by_dep=None, packages_skip_by_dep=None, packages_skip_up_to=None, packages_select_build_failed=False, packages_skip_build_finished=False, packages_select_test_failures=False, packages_skip_test_passed=False, packages_select=['rj_convert'], packages_skip=None, packages_select_regex=None, packages_skip_regex=None, packages_start=None, packages_end=None, allow_overriding=[], cmake_args=None, cmake_target=None, cmake_target_skip_unavailable=False, cmake_clean_cache=True, cmake_clean_first=False, cmake_force_configure=False, ament_cmake_args=None, catkin_cmake_args=None, catkin_skip_building_tests=False, mixin_files=None, mixin=None, verb_parser=<colcon_mixin.mixin.mixin_argument.MixinArgumentDecorator object at 0xffffaba2e1d0>, verb_extension=<colcon_core.verb.build.BuildVerb object at 0xffffabb2f160>, main=<bound method BuildVerb.main of <colcon_core.verb.build.BuildVerb object at 0xffffabb2f160>>, mixin_verb=('build',))
[0.168s] Level 1:colcon.colcon_core.package_discovery:discover_packages(colcon_meta) check parameters
[0.169s] INFO:colcon.colcon_metadata.package_discovery.colcon_meta:Using configuration from '/root/robocup-software/colcon.meta'
[0.169s] Level 1:colcon.colcon_core.package_discovery:discover_packages(recursive) check parameters
[0.169s] Level 1:colcon.colcon_core.package_discovery:discover_packages(ignore) check parameters
[0.169s] Level 1:colcon.colcon_core.package_discovery:discover_packages(path) check parameters
[0.169s] Level 1:colcon.colcon_core.package_discovery:discover_packages(colcon_meta) discover
[0.169s] Level 1:colcon.colcon_core.package_discovery:discover_packages(recursive) discover
[0.169s] INFO:colcon.colcon_core.package_discovery:Crawling recursively for packages in '/root/robocup-software'
[0.169s] Level 1:colcon.colcon_core.package_identification:_identify(.) by extensions ['ignore', 'ignore_ament_install']
[0.169s] Level 1:colcon.colcon_core.package_identification:_identify(.) by extension 'ignore'
[0.169s] Level 1:colcon.colcon_core.package_identification:_identify(.) by extension 'ignore_ament_install'
[0.169s] Level 1:colcon.colcon_core.package_identification:_identify(.) by extensions ['colcon_pkg']
[0.169s] Level 1:colcon.colcon_core.package_identification:_identify(.) by extension 'colcon_pkg'
[0.169s] Level 1:colcon.colcon_core.package_identification:_identify(.) by extensions ['colcon_meta']
[0.169s] Level 1:colcon.colcon_core.package_identification:_identify(.) by extension 'colcon_meta'
[0.169s] Level 1:colcon.colcon_core.package_identification:_identify(.) by extensions ['ros']
[0.169s] Level 1:colcon.colcon_core.package_identification:_identify(.) by extension 'ros'
[0.176s] Level 1:colcon.colcon_core.package_identification:_identify(.) by extensions ['cmake', 'python']
[0.176s] Level 1:colcon.colcon_core.package_identification:_identify(.) by extension 'cmake'
[0.176s] Level 1:colcon.colcon_core.package_identification:_identify(.) by extension 'python'
[0.176s] Level 1:colcon.colcon_core.package_identification:_identify(.) by extensions ['python_setup_py']
[0.176s] Level 1:colcon.colcon_core.package_identification:_identify(.) by extension 'python_setup_py'
[0.176s] Level 1:colcon.colcon_core.package_identification:_identify(build) by extensions ['ignore', 'ignore_ament_install']
[0.176s] Level 1:colcon.colcon_core.package_identification:_identify(build) by extension 'ignore'
[0.176s] Level 1:colcon.colcon_core.package_identification:_identify(build) ignored
[0.176s] Level 1:colcon.colcon_core.package_identification:_identify(docker) by extensions ['ignore', 'ignore_ament_install']
[0.176s] Level 1:colcon.colcon_core.package_identification:_identify(docker) by extension 'ignore'
[0.176s] Level 1:colcon.colcon_core.package_identification:_identify(docker) by extension 'ignore_ament_install'
[0.176s] Level 1:colcon.colcon_core.package_identification:_identify(docker) by extensions ['colcon_pkg']
[0.177s] Level 1:colcon.colcon_core.package_identification:_identify(docker) by extension 'colcon_pkg'
[0.177s] Level 1:colcon.colcon_core.package_identification:_identify(docker) by extensions ['colcon_meta']
[0.177s] Level 1:colcon.colcon_core.package_identification:_identify(docker) by extension 'colcon_meta'
[0.177s] Level 1:colcon.colcon_core.package_identification:_identify(docker) by extensions ['ros']
[0.177s] Level 1:colcon.colcon_core.package_identification:_identify(docker) by extension 'ros'
[0.177s] Level 1:colcon.colcon_core.package_identification:_identify(docker) by extensions ['cmake', 'python']
[0.177s] Level 1:colcon.colcon_core.package_identification:_identify(docker) by extension 'cmake'
[0.177s] Level 1:colcon.colcon_core.package_identification:_identify(docker) by extension 'python'
[0.177s] Level 1:colcon.colcon_core.package_identification:_identify(docker) by extensions ['python_setup_py']
[0.177s] Level 1:colcon.colcon_core.package_identification:_identify(docker) by extension 'python_setup_py'
[0.177s] Level 1:colcon.colcon_core.package_identification:_identify(install) by extensions ['ignore', 'ignore_ament_install']
[0.177s] Level 1:colcon.colcon_core.package_identification:_identify(install) by extension 'ignore'
[0.177s] Level 1:colcon.colcon_core.package_identification:_identify(install) ignored
[0.177s] Level 1:colcon.colcon_core.package_identification:_identify(log) by extensions ['ignore', 'ignore_ament_install']
[0.177s] Level 1:colcon.colcon_core.package_identification:_identify(log) by extension 'ignore'
[0.177s] Level 1:colcon.colcon_core.package_identification:_identify(log) ignored
[0.177s] Level 1:colcon.colcon_core.package_identification:_identify(mixin) by extensions ['ignore', 'ignore_ament_install']
[0.177s] Level 1:colcon.colcon_core.package_identification:_identify(mixin) by extension 'ignore'
[0.177s] Level 1:colcon.colcon_core.package_identification:_identify(mixin) by extension 'ignore_ament_install'
[0.177s] Level 1:colcon.colcon_core.package_identification:_identify(mixin) by extensions ['colcon_pkg']
[0.177s] Level 1:colcon.colcon_core.package_identification:_identify(mixin) by extension 'colcon_pkg'
[0.177s] Level 1:colcon.colcon_core.package_identification:_identify(mixin) by extensions ['colcon_meta']
[0.177s] Level 1:colcon.colcon_core.package_identification:_identify(mixin) by extension 'colcon_meta'
[0.177s] Level 1:colcon.colcon_core.package_identification:_identify(mixin) by extensions ['ros']
[0.177s] Level 1:colcon.colcon_core.package_identification:_identify(mixin) by extension 'ros'
[0.177s] Level 1:colcon.colcon_core.package_identification:_identify(mixin) by extensions ['cmake', 'python']
[0.177s] Level 1:colcon.colcon_core.package_identification:_identify(mixin) by extension 'cmake'
[0.177s] Level 1:colcon.colcon_core.package_identification:_identify(mixin) by extension 'python'
[0.177s] Level 1:colcon.colcon_core.package_identification:_identify(mixin) by extensions ['python_setup_py']
[0.177s] Level 1:colcon.colcon_core.package_identification:_identify(mixin) by extension 'python_setup_py'
[0.177s] Level 1:colcon.colcon_core.package_identification:_identify(src) by extensions ['ignore', 'ignore_ament_install']
[0.177s] Level 1:colcon.colcon_core.package_identification:_identify(src) by extension 'ignore'
[0.177s] Level 1:colcon.colcon_core.package_identification:_identify(src) by extension 'ignore_ament_install'
[0.177s] Level 1:colcon.colcon_core.package_identification:_identify(src) by extensions ['colcon_pkg']
[0.177s] Level 1:colcon.colcon_core.package_identification:_identify(src) by extension 'colcon_pkg'
[0.177s] Level 1:colcon.colcon_core.package_identification:_identify(src) by extensions ['colcon_meta']
[0.177s] Level 1:colcon.colcon_core.package_identification:_identify(src) by extension 'colcon_meta'
[0.177s] Level 1:colcon.colcon_core.package_identification:_identify(src) by extensions ['ros']
[0.177s] Level 1:colcon.colcon_core.package_identification:_identify(src) by extension 'ros'
[0.177s] Level 1:colcon.colcon_core.package_identification:_identify(src) by extensions ['cmake', 'python']
[0.177s] Level 1:colcon.colcon_core.package_identification:_identify(src) by extension 'cmake'
[0.177s] Level 1:colcon.colcon_core.package_identification:_identify(src) by extension 'python'
[0.177s] Level 1:colcon.colcon_core.package_identification:_identify(src) by extensions ['python_setup_py']
[0.178s] Level 1:colcon.colcon_core.package_identification:_identify(src) by extension 'python_setup_py'
[0.178s] Level 1:colcon.colcon_core.package_identification:_identify(src/ci) by extensions ['ignore', 'ignore_ament_install']
[0.178s] Level 1:colcon.colcon_core.package_identification:_identify(src/ci) by extension 'ignore'
[0.178s] Level 1:colcon.colcon_core.package_identification:_identify(src/ci) by extension 'ignore_ament_install'
[0.178s] Level 1:colcon.colcon_core.package_identification:_identify(src/ci) by extensions ['colcon_pkg']
[0.178s] Level 1:colcon.colcon_core.package_identification:_identify(src/ci) by extension 'colcon_pkg'
[0.178s] Level 1:colcon.colcon_core.package_identification:_identify(src/ci) by extensions ['colcon_meta']
[0.178s] Level 1:colcon.colcon_core.package_identification:_identify(src/ci) by extension 'colcon_meta'
[0.178s] Level 1:colcon.colcon_core.package_identification:_identify(src/ci) by extensions ['ros']
[0.178s] Level 1:colcon.colcon_core.package_identification:_identify(src/ci) by extension 'ros'
[0.178s] Level 1:colcon.colcon_core.package_identification:_identify(src/ci) by extensions ['cmake', 'python']
[0.178s] Level 1:colcon.colcon_core.package_identification:_identify(src/ci) by extension 'cmake'
[0.178s] Level 1:colcon.colcon_core.package_identification:_identify(src/ci) by extension 'python'
[0.178s] Level 1:colcon.colcon_core.package_identification:_identify(src/ci) by extensions ['python_setup_py']
[0.178s] Level 1:colcon.colcon_core.package_identification:_identify(src/ci) by extension 'python_setup_py'
[0.178s] Level 1:colcon.colcon_core.package_identification:_identify(src/cmake) by extensions ['ignore', 'ignore_ament_install']
[0.178s] Level 1:colcon.colcon_core.package_identification:_identify(src/cmake) by extension 'ignore'
[0.178s] Level 1:colcon.colcon_core.package_identification:_identify(src/cmake) by extension 'ignore_ament_install'
[0.178s] Level 1:colcon.colcon_core.package_identification:_identify(src/cmake) by extensions ['colcon_pkg']
[0.178s] Level 1:colcon.colcon_core.package_identification:_identify(src/cmake) by extension 'colcon_pkg'
[0.178s] Level 1:colcon.colcon_core.package_identification:_identify(src/cmake) by extensions ['colcon_meta']
[0.178s] Level 1:colcon.colcon_core.package_identification:_identify(src/cmake) by extension 'colcon_meta'
[0.178s] Level 1:colcon.colcon_core.package_identification:_identify(src/cmake) by extensions ['ros']
[0.178s] Level 1:colcon.colcon_core.package_identification:_identify(src/cmake) by extension 'ros'
[0.178s] Level 1:colcon.colcon_core.package_identification:_identify(src/cmake) by extensions ['cmake', 'python']
[0.178s] Level 1:colcon.colcon_core.package_identification:_identify(src/cmake) by extension 'cmake'
[0.178s] Level 1:colcon.colcon_core.package_identification:_identify(src/cmake) by extension 'python'
[0.178s] Level 1:colcon.colcon_core.package_identification:_identify(src/cmake) by extensions ['python_setup_py']
[0.178s] Level 1:colcon.colcon_core.package_identification:_identify(src/cmake) by extension 'python_setup_py'
[0.178s] Level 1:colcon.colcon_core.package_identification:_identify(src/config) by extensions ['ignore', 'ignore_ament_install']
[0.178s] Level 1:colcon.colcon_core.package_identification:_identify(src/config) by extension 'ignore'
[0.178s] Level 1:colcon.colcon_core.package_identification:_identify(src/config) by extension 'ignore_ament_install'
[0.178s] Level 1:colcon.colcon_core.package_identification:_identify(src/config) by extensions ['colcon_pkg']
[0.178s] Level 1:colcon.colcon_core.package_identification:_identify(src/config) by extension 'colcon_pkg'
[0.178s] Level 1:colcon.colcon_core.package_identification:_identify(src/config) by extensions ['colcon_meta']
[0.178s] Level 1:colcon.colcon_core.package_identification:_identify(src/config) by extension 'colcon_meta'
[0.178s] Level 1:colcon.colcon_core.package_identification:_identify(src/config) by extensions ['ros']
[0.178s] Level 1:colcon.colcon_core.package_identification:_identify(src/config) by extension 'ros'
[0.178s] Level 1:colcon.colcon_core.package_identification:_identify(src/config) by extensions ['cmake', 'python']
[0.178s] Level 1:colcon.colcon_core.package_identification:_identify(src/config) by extension 'cmake'
[0.178s] Level 1:colcon.colcon_core.package_identification:_identify(src/config) by extension 'python'
[0.178s] Level 1:colcon.colcon_core.package_identification:_identify(src/config) by extensions ['python_setup_py']
[0.178s] Level 1:colcon.colcon_core.package_identification:_identify(src/config) by extension 'python_setup_py'
[0.179s] Level 1:colcon.colcon_core.package_identification:_identify(src/docs) by extensions ['ignore', 'ignore_ament_install']
[0.179s] Level 1:colcon.colcon_core.package_identification:_identify(src/docs) by extension 'ignore'
[0.179s] Level 1:colcon.colcon_core.package_identification:_identify(src/docs) by extension 'ignore_ament_install'
[0.179s] Level 1:colcon.colcon_core.package_identification:_identify(src/docs) by extensions ['colcon_pkg']
[0.179s] Level 1:colcon.colcon_core.package_identification:_identify(src/docs) by extension 'colcon_pkg'
[0.179s] Level 1:colcon.colcon_core.package_identification:_identify(src/docs) by extensions ['colcon_meta']
[0.179s] Level 1:colcon.colcon_core.package_identification:_identify(src/docs) by extension 'colcon_meta'
[0.179s] Level 1:colcon.colcon_core.package_identification:_identify(src/docs) by extensions ['ros']
[0.179s] Level 1:colcon.colcon_core.package_identification:_identify(src/docs) by extension 'ros'
[0.179s] Level 1:colcon.colcon_core.package_identification:_identify(src/docs) by extensions ['cmake', 'python']
[0.179s] Level 1:colcon.colcon_core.package_identification:_identify(src/docs) by extension 'cmake'
[0.179s] Level 1:colcon.colcon_core.package_identification:_identify(src/docs) by extension 'python'
[0.179s] DEBUG:colcon.colcon_core.package_identification:Package 'src/docs' with type 'cmake' and name 'rj_robocup_docs'
[0.180s] Level 1:colcon.colcon_core.package_identification:_identify(src/external) by extensions ['ignore', 'ignore_ament_install']
[0.180s] Level 1:colcon.colcon_core.package_identification:_identify(src/external) by extension 'ignore'
[0.180s] Level 1:colcon.colcon_core.package_identification:_identify(src/external) by extension 'ignore_ament_install'
[0.180s] Level 1:colcon.colcon_core.package_identification:_identify(src/external) by extensions ['colcon_pkg']
[0.180s] Level 1:colcon.colcon_core.package_identification:_identify(src/external) by extension 'colcon_pkg'
[0.180s] Level 1:colcon.colcon_core.package_identification:_identify(src/external) by extensions ['colcon_meta']
[0.180s] Level 1:colcon.colcon_core.package_identification:_identify(src/external) by extension 'colcon_meta'
[0.180s] Level 1:colcon.colcon_core.package_identification:_identify(src/external) by extensions ['ros']
[0.180s] Level 1:colcon.colcon_core.package_identification:_identify(src/external) by extension 'ros'
[0.180s] Level 1:colcon.colcon_core.package_identification:_identify(src/external) by extensions ['cmake', 'python']
[0.180s] Level 1:colcon.colcon_core.package_identification:_identify(src/external) by extension 'cmake'
[0.184s] Level 1:colcon.colcon_core.package_identification:_identify(src/external) by extension 'python'
[0.184s] DEBUG:colcon.colcon_core.package_identification:Package 'src/external' with type 'cmake' and name 'external'
[0.184s] Level 1:colcon.colcon_core.package_identification:_identify(src/install) by extensions ['ignore', 'ignore_ament_install']
[0.184s] Level 1:colcon.colcon_core.package_identification:_identify(src/install) by extension 'ignore'
[0.184s] Level 1:colcon.colcon_core.package_identification:_identify(src/install) by extension 'ignore_ament_install'
[0.184s] Level 1:colcon.colcon_core.package_identification:_identify(src/install) by extensions ['colcon_pkg']
[0.184s] Level 1:colcon.colcon_core.package_identification:_identify(src/install) by extension 'colcon_pkg'
[0.185s] Level 1:colcon.colcon_core.package_identification:_identify(src/install) by extensions ['colcon_meta']
[0.185s] Level 1:colcon.colcon_core.package_identification:_identify(src/install) by extension 'colcon_meta'
[0.185s] Level 1:colcon.colcon_core.package_identification:_identify(src/install) by extensions ['ros']
[0.185s] Level 1:colcon.colcon_core.package_identification:_identify(src/install) by extension 'ros'
[0.185s] Level 1:colcon.colcon_core.package_identification:_identify(src/install) by extensions ['cmake', 'python']
[0.185s] Level 1:colcon.colcon_core.package_identification:_identify(src/install) by extension 'cmake'
[0.185s] Level 1:colcon.colcon_core.package_identification:_identify(src/install) by extension 'python'
[0.185s] Level 1:colcon.colcon_core.package_identification:_identify(src/install) by extensions ['python_setup_py']
[0.185s] Level 1:colcon.colcon_core.package_identification:_identify(src/install) by extension 'python_setup_py'
[0.185s] Level 1:colcon.colcon_core.package_identification:_identify(src/launch) by extensions ['ignore', 'ignore_ament_install']
[0.185s] Level 1:colcon.colcon_core.package_identification:_identify(src/launch) by extension 'ignore'
[0.185s] Level 1:colcon.colcon_core.package_identification:_identify(src/launch) by extension 'ignore_ament_install'
[0.185s] Level 1:colcon.colcon_core.package_identification:_identify(src/launch) by extensions ['colcon_pkg']
[0.185s] Level 1:colcon.colcon_core.package_identification:_identify(src/launch) by extension 'colcon_pkg'
[0.185s] Level 1:colcon.colcon_core.package_identification:_identify(src/launch) by extensions ['colcon_meta']
[0.185s] Level 1:colcon.colcon_core.package_identification:_identify(src/launch) by extension 'colcon_meta'
[0.185s] Level 1:colcon.colcon_core.package_identification:_identify(src/launch) by extensions ['ros']
[0.185s] Level 1:colcon.colcon_core.package_identification:_identify(src/launch) by extension 'ros'
[0.185s] Level 1:colcon.colcon_core.package_identification:_identify(src/launch) by extensions ['cmake', 'python']
[0.185s] Level 1:colcon.colcon_core.package_identification:_identify(src/launch) by extension 'cmake'
[0.185s] Level 1:colcon.colcon_core.package_identification:_identify(src/launch) by extension 'python'
[0.185s] Level 1:colcon.colcon_core.package_identification:_identify(src/launch) by extensions ['python_setup_py']
[0.185s] Level 1:colcon.colcon_core.package_identification:_identify(src/launch) by extension 'python_setup_py'
[0.185s] Level 1:colcon.colcon_core.package_identification:_identify(src/rj_common) by extensions ['ignore', 'ignore_ament_install']
[0.185s] Level 1:colcon.colcon_core.package_identification:_identify(src/rj_common) by extension 'ignore'
[0.185s] Level 1:colcon.colcon_core.package_identification:_identify(src/rj_common) by extension 'ignore_ament_install'
[0.185s] Level 1:colcon.colcon_core.package_identification:_identify(src/rj_common) by extensions ['colcon_pkg']
[0.185s] Level 1:colcon.colcon_core.package_identification:_identify(src/rj_common) by extension 'colcon_pkg'
[0.185s] Level 1:colcon.colcon_core.package_identification:_identify(src/rj_common) by extensions ['colcon_meta']
[0.185s] Level 1:colcon.colcon_core.package_identification:_identify(src/rj_common) by extension 'colcon_meta'
[0.185s] Level 1:colcon.colcon_core.package_identification:_identify(src/rj_common) by extensions ['ros']
[0.185s] Level 1:colcon.colcon_core.package_identification:_identify(src/rj_common) by extension 'ros'
[0.185s] Level 1:colcon.colcon_core.package_identification:_identify(src/rj_common) by extensions ['cmake', 'python']
[0.185s] Level 1:colcon.colcon_core.package_identification:_identify(src/rj_common) by extension 'cmake'
[0.185s] Level 1:colcon.colcon_core.package_identification:_identify(src/rj_common) by extension 'python'
[0.185s] DEBUG:colcon.colcon_core.package_identification:Package 'src/rj_common' with type 'cmake' and name 'rj_common'
[0.186s] Level 1:colcon.colcon_core.package_identification:_identify(src/rj_config) by extensions ['ignore', 'ignore_ament_install']
[0.186s] Level 1:colcon.colcon_core.package_identification:_identify(src/rj_config) by extension 'ignore'
[0.186s] Level 1:colcon.colcon_core.package_identification:_identify(src/rj_config) by extension 'ignore_ament_install'
[0.186s] Level 1:colcon.colcon_core.package_identification:_identify(src/rj_config) by extensions ['colcon_pkg']
[0.186s] Level 1:colcon.colcon_core.package_identification:_identify(src/rj_config) by extension 'colcon_pkg'
[0.186s] Level 1:colcon.colcon_core.package_identification:_identify(src/rj_config) by extensions ['colcon_meta']
[0.186s] Level 1:colcon.colcon_core.package_identification:_identify(src/rj_config) by extension 'colcon_meta'
[0.186s] Level 1:colcon.colcon_core.package_identification:_identify(src/rj_config) by extensions ['ros']
[0.186s] Level 1:colcon.colcon_core.package_identification:_identify(src/rj_config) by extension 'ros'
[0.186s] Level 1:colcon.colcon_core.package_identification:_identify(src/rj_config) by extensions ['cmake', 'python']
[0.186s] Level 1:colcon.colcon_core.package_identification:_identify(src/rj_config) by extension 'cmake'
[0.186s] Level 1:colcon.colcon_core.package_identification:_identify(src/rj_config) by extension 'python'
[0.186s] DEBUG:colcon.colcon_core.package_identification:Package 'src/rj_config' with type 'cmake' and name 'rj_config'
[0.186s] Level 1:colcon.colcon_core.package_identification:_identify(src/rj_constants) by extensions ['ignore', 'ignore_ament_install']
[0.186s] Level 1:colcon.colcon_core.package_identification:_identify(src/rj_constants) by extension 'ignore'
[0.186s] Level 1:colcon.colcon_core.package_identification:_identify(src/rj_constants) by extension 'ignore_ament_install'
[0.186s] Level 1:colcon.colcon_core.package_identification:_identify(src/rj_constants) by extensions ['colcon_pkg']
[0.186s] Level 1:colcon.colcon_core.package_identification:_identify(src/rj_constants) by extension 'colcon_pkg'
[0.186s] Level 1:colcon.colcon_core.package_identification:_identify(src/rj_constants) by extensions ['colcon_meta']
[0.186s] Level 1:colcon.colcon_core.package_identification:_identify(src/rj_constants) by extension 'colcon_meta'
[0.186s] Level 1:colcon.colcon_core.package_identification:_identify(src/rj_constants) by extensions ['ros']
[0.186s] Level 1:colcon.colcon_core.package_identification:_identify(src/rj_constants) by extension 'ros'
[0.186s] Level 1:colcon.colcon_core.package_identification:_identify(src/rj_constants) by extensions ['cmake', 'python']
[0.186s] Level 1:colcon.colcon_core.package_identification:_identify(src/rj_constants) by extension 'cmake'
[0.186s] Level 1:colcon.colcon_core.package_identification:_identify(src/rj_constants) by extension 'python'
[0.186s] DEBUG:colcon.colcon_core.package_identification:Package 'src/rj_constants' with type 'cmake' and name 'rj_constants'
[0.186s] Level 1:colcon.colcon_core.package_identification:_identify(src/rj_convert) by extensions ['ignore', 'ignore_ament_install']
[0.187s] Level 1:colcon.colcon_core.package_identification:_identify(src/rj_convert) by extension 'ignore'
[0.187s] Level 1:colcon.colcon_core.package_identification:_identify(src/rj_convert) by extension 'ignore_ament_install'
[0.187s] Level 1:colcon.colcon_core.package_identification:_identify(src/rj_convert) by extensions ['colcon_pkg']
[0.187s] Level 1:colcon.colcon_core.package_identification:_identify(src/rj_convert) by extension 'colcon_pkg'
[0.187s] Level 1:colcon.colcon_core.package_identification:_identify(src/rj_convert) by extensions ['colcon_meta']
[0.187s] Level 1:colcon.colcon_core.package_identification:_identify(src/rj_convert) by extension 'colcon_meta'
[0.187s] Level 1:colcon.colcon_core.package_identification:_identify(src/rj_convert) by extensions ['ros']
[0.187s] Level 1:colcon.colcon_core.package_identification:_identify(src/rj_convert) by extension 'ros'
[0.188s] DEBUG:colcon.colcon_core.package_identification:Package 'src/rj_convert' with type 'ros.ament_cmake' and name 'rj_convert'
[0.188s] Level 1:colcon.colcon_core.package_identification:_identify(src/rj_drawing_msgs) by extensions ['ignore', 'ignore_ament_install']
[0.188s] Level 1:colcon.colcon_core.package_identification:_identify(src/rj_drawing_msgs) by extension 'ignore'
[0.188s] Level 1:colcon.colcon_core.package_identification:_identify(src/rj_drawing_msgs) by extension 'ignore_ament_install'
[0.188s] Level 1:colcon.colcon_core.package_identification:_identify(src/rj_drawing_msgs) by extensions ['colcon_pkg']
[0.188s] Level 1:colcon.colcon_core.package_identification:_identify(src/rj_drawing_msgs) by extension 'colcon_pkg'
[0.188s] Level 1:colcon.colcon_core.package_identification:_identify(src/rj_drawing_msgs) by extensions ['colcon_meta']
[0.188s] Level 1:colcon.colcon_core.package_identification:_identify(src/rj_drawing_msgs) by extension 'colcon_meta'
[0.188s] Level 1:colcon.colcon_core.package_identification:_identify(src/rj_drawing_msgs) by extensions ['ros']
[0.188s] Level 1:colcon.colcon_core.package_identification:_identify(src/rj_drawing_msgs) by extension 'ros'
[0.189s] DEBUG:colcon.colcon_core.package_identification:Package 'src/rj_drawing_msgs' with type 'ros.ament_cmake' and name 'rj_drawing_msgs'
[0.189s] Level 1:colcon.colcon_core.package_identification:_identify(src/rj_geometry) by extensions ['ignore', 'ignore_ament_install']
[0.189s] Level 1:colcon.colcon_core.package_identification:_identify(src/rj_geometry) by extension 'ignore'
[0.189s] Level 1:colcon.colcon_core.package_identification:_identify(src/rj_geometry) by extension 'ignore_ament_install'
[0.189s] Level 1:colcon.colcon_core.package_identification:_identify(src/rj_geometry) by extensions ['colcon_pkg']
[0.189s] Level 1:colcon.colcon_core.package_identification:_identify(src/rj_geometry) by extension 'colcon_pkg'
[0.189s] Level 1:colcon.colcon_core.package_identification:_identify(src/rj_geometry) by extensions ['colcon_meta']
[0.189s] Level 1:colcon.colcon_core.package_identification:_identify(src/rj_geometry) by extension 'colcon_meta'
[0.189s] Level 1:colcon.colcon_core.package_identification:_identify(src/rj_geometry) by extensions ['ros']
[0.189s] Level 1:colcon.colcon_core.package_identification:_identify(src/rj_geometry) by extension 'ros'
[0.189s] Level 1:colcon.colcon_core.package_identification:_identify(src/rj_geometry) by extensions ['cmake', 'python']
[0.189s] Level 1:colcon.colcon_core.package_identification:_identify(src/rj_geometry) by extension 'cmake'
[0.189s] Level 1:colcon.colcon_core.package_identification:_identify(src/rj_geometry) by extension 'python'
[0.189s] DEBUG:colcon.colcon_core.package_identification:Package 'src/rj_geometry' with type 'cmake' and name 'geometry2d'
[0.189s] Level 1:colcon.colcon_core.package_identification:_identify(src/rj_geometry_msgs) by extensions ['ignore', 'ignore_ament_install']
[0.189s] Level 1:colcon.colcon_core.package_identification:_identify(src/rj_geometry_msgs) by extension 'ignore'
[0.189s] Level 1:colcon.colcon_core.package_identification:_identify(src/rj_geometry_msgs) by extension 'ignore_ament_install'
[0.189s] Level 1:colcon.colcon_core.package_identification:_identify(src/rj_geometry_msgs) by extensions ['colcon_pkg']
[0.189s] Level 1:colcon.colcon_core.package_identification:_identify(src/rj_geometry_msgs) by extension 'colcon_pkg'
[0.189s] Level 1:colcon.colcon_core.package_identification:_identify(src/rj_geometry_msgs) by extensions ['colcon_meta']
[0.189s] Level 1:colcon.colcon_core.package_identification:_identify(src/rj_geometry_msgs) by extension 'colcon_meta'
[0.189s] Level 1:colcon.colcon_core.package_identification:_identify(src/rj_geometry_msgs) by extensions ['ros']
[0.189s] Level 1:colcon.colcon_core.package_identification:_identify(src/rj_geometry_msgs) by extension 'ros'
[0.190s] DEBUG:colcon.colcon_core.package_identification:Package 'src/rj_geometry_msgs' with type 'ros.ament_cmake' and name 'rj_geometry_msgs'
[0.190s] Level 1:colcon.colcon_core.package_identification:_identify(src/rj_msgs) by extensions ['ignore', 'ignore_ament_install']
[0.190s] Level 1:colcon.colcon_core.package_identification:_identify(src/rj_msgs) by extension 'ignore'
[0.190s] Level 1:colcon.colcon_core.package_identification:_identify(src/rj_msgs) by extension 'ignore_ament_install'
[0.190s] Level 1:colcon.colcon_core.package_identification:_identify(src/rj_msgs) by extensions ['colcon_pkg']
[0.190s] Level 1:colcon.colcon_core.package_identification:_identify(src/rj_msgs) by extension 'colcon_pkg'
[0.190s] Level 1:colcon.colcon_core.package_identification:_identify(src/rj_msgs) by extensions ['colcon_meta']
[0.190s] Level 1:colcon.colcon_core.package_identification:_identify(src/rj_msgs) by extension 'colcon_meta'
[0.190s] Level 1:colcon.colcon_core.package_identification:_identify(src/rj_msgs) by extensions ['ros']
[0.190s] Level 1:colcon.colcon_core.package_identification:_identify(src/rj_msgs) by extension 'ros'
[0.190s] DEBUG:colcon.colcon_core.package_identification:Package 'src/rj_msgs' with type 'ros.ament_cmake' and name 'rj_msgs'
[0.190s] Level 1:colcon.colcon_core.package_identification:_identify(src/rj_param_utils) by extensions ['ignore', 'ignore_ament_install']
[0.190s] Level 1:colcon.colcon_core.package_identification:_identify(src/rj_param_utils) by extension 'ignore'
[0.190s] Level 1:colcon.colcon_core.package_identification:_identify(src/rj_param_utils) by extension 'ignore_ament_install'
[0.190s] Level 1:colcon.colcon_core.package_identification:_identify(src/rj_param_utils) by extensions ['colcon_pkg']
[0.190s] Level 1:colcon.colcon_core.package_identification:_identify(src/rj_param_utils) by extension 'colcon_pkg'
[0.190s] Level 1:colcon.colcon_core.package_identification:_identify(src/rj_param_utils) by extensions ['colcon_meta']
[0.190s] Level 1:colcon.colcon_core.package_identification:_identify(src/rj_param_utils) by extension 'colcon_meta'
[0.190s] Level 1:colcon.colcon_core.package_identification:_identify(src/rj_param_utils) by extensions ['ros']
[0.190s] Level 1:colcon.colcon_core.package_identification:_identify(src/rj_param_utils) by extension 'ros'
[0.190s] Level 1:colcon.colcon_core.package_identification:_identify(src/rj_param_utils) by extensions ['cmake', 'python']
[0.190s] Level 1:colcon.colcon_core.package_identification:_identify(src/rj_param_utils) by extension 'cmake'
[0.191s] Level 1:colcon.colcon_core.package_identification:_identify(src/rj_param_utils) by extension 'python'
[0.191s] DEBUG:colcon.colcon_core.package_identification:Package 'src/rj_param_utils' with type 'cmake' and name 'rj_param_utils'
[0.191s] Level 1:colcon.colcon_core.package_identification:_identify(src/rj_protos) by extensions ['ignore', 'ignore_ament_install']
[0.191s] Level 1:colcon.colcon_core.package_identification:_identify(src/rj_protos) by extension 'ignore'
[0.191s] Level 1:colcon.colcon_core.package_identification:_identify(src/rj_protos) by extension 'ignore_ament_install'
[0.191s] Level 1:colcon.colcon_core.package_identification:_identify(src/rj_protos) by extensions ['colcon_pkg']
[0.191s] Level 1:colcon.colcon_core.package_identification:_identify(src/rj_protos) by extension 'colcon_pkg'
[0.191s] Level 1:colcon.colcon_core.package_identification:_identify(src/rj_protos) by extensions ['colcon_meta']
[0.191s] Level 1:colcon.colcon_core.package_identification:_identify(src/rj_protos) by extension 'colcon_meta'
[0.191s] Level 1:colcon.colcon_core.package_identification:_identify(src/rj_protos) by extensions ['ros']
[0.191s] Level 1:colcon.colcon_core.package_identification:_identify(src/rj_protos) by extension 'ros'
[0.191s] Level 1:colcon.colcon_core.package_identification:_identify(src/rj_protos) by extensions ['cmake', 'python']
[0.191s] Level 1:colcon.colcon_core.package_identification:_identify(src/rj_protos) by extension 'cmake'
[0.191s] Level 1:colcon.colcon_core.package_identification:_identify(src/rj_protos) by extension 'python'
[0.191s] DEBUG:colcon.colcon_core.package_identification:Package 'src/rj_protos' with type 'cmake' and name 'rj_protos'
[0.191s] Level 1:colcon.colcon_core.package_identification:_identify(src/rj_topic_utils) by extensions ['ignore', 'ignore_ament_install']
[0.191s] Level 1:colcon.colcon_core.package_identification:_identify(src/rj_topic_utils) by extension 'ignore'
[0.191s] Level 1:colcon.colcon_core.package_identification:_identify(src/rj_topic_utils) by extension 'ignore_ament_install'
[0.191s] Level 1:colcon.colcon_core.package_identification:_identify(src/rj_topic_utils) by extensions ['colcon_pkg']
[0.191s] Level 1:colcon.colcon_core.package_identification:_identify(src/rj_topic_utils) by extension 'colcon_pkg'
[0.191s] Level 1:colcon.colcon_core.package_identification:_identify(src/rj_topic_utils) by extensions ['colcon_meta']
[0.191s] Level 1:colcon.colcon_core.package_identification:_identify(src/rj_topic_utils) by extension 'colcon_meta'
[0.191s] Level 1:colcon.colcon_core.package_identification:_identify(src/rj_topic_utils) by extensions ['ros']
[0.191s] Level 1:colcon.colcon_core.package_identification:_identify(src/rj_topic_utils) by extension 'ros'
[0.192s] Level 1:colcon.colcon_core.package_identification:_identify(src/rj_topic_utils) by extensions ['cmake', 'python']
[0.192s] Level 1:colcon.colcon_core.package_identification:_identify(src/rj_topic_utils) by extension 'cmake'
[0.192s] Level 1:colcon.colcon_core.package_identification:_identify(src/rj_topic_utils) by extension 'python'
[0.192s] DEBUG:colcon.colcon_core.package_identification:Package 'src/rj_topic_utils' with type 'cmake' and name 'rj_topic_utils'
[0.192s] Level 1:colcon.colcon_core.package_identification:_identify(src/rj_utils) by extensions ['ignore', 'ignore_ament_install']
[0.192s] Level 1:colcon.colcon_core.package_identification:_identify(src/rj_utils) by extension 'ignore'
[0.192s] Level 1:colcon.colcon_core.package_identification:_identify(src/rj_utils) by extension 'ignore_ament_install'
[0.192s] Level 1:colcon.colcon_core.package_identification:_identify(src/rj_utils) by extensions ['colcon_pkg']
[0.192s] Level 1:colcon.colcon_core.package_identification:_identify(src/rj_utils) by extension 'colcon_pkg'
[0.192s] Level 1:colcon.colcon_core.package_identification:_identify(src/rj_utils) by extensions ['colcon_meta']
[0.192s] Level 1:colcon.colcon_core.package_identification:_identify(src/rj_utils) by extension 'colcon_meta'
[0.192s] Level 1:colcon.colcon_core.package_identification:_identify(src/rj_utils) by extensions ['ros']
[0.192s] Level 1:colcon.colcon_core.package_identification:_identify(src/rj_utils) by extension 'ros'
[0.192s] Level 1:colcon.colcon_core.package_identification:_identify(src/rj_utils) by extensions ['cmake', 'python']
[0.192s] Level 1:colcon.colcon_core.package_identification:_identify(src/rj_utils) by extension 'cmake'
[0.192s] Level 1:colcon.colcon_core.package_identification:_identify(src/rj_utils) by extension 'python'
[0.192s] DEBUG:colcon.colcon_core.package_identification:Package 'src/rj_utils' with type 'cmake' and name 'rj_utils'
[0.192s] Level 1:colcon.colcon_core.package_identification:_identify(src/rj_vision_receiver) by extensions ['ignore', 'ignore_ament_install']
[0.192s] Level 1:colcon.colcon_core.package_identification:_identify(src/rj_vision_receiver) by extension 'ignore'
[0.192s] Level 1:colcon.colcon_core.package_identification:_identify(src/rj_vision_receiver) by extension 'ignore_ament_install'
[0.192s] Level 1:colcon.colcon_core.package_identification:_identify(src/rj_vision_receiver) by extensions ['colcon_pkg']
[0.192s] Level 1:colcon.colcon_core.package_identification:_identify(src/rj_vision_receiver) by extension 'colcon_pkg'
[0.192s] Level 1:colcon.colcon_core.package_identification:_identify(src/rj_vision_receiver) by extensions ['colcon_meta']
[0.192s] Level 1:colcon.colcon_core.package_identification:_identify(src/rj_vision_receiver) by extension 'colcon_meta'
[0.192s] Level 1:colcon.colcon_core.package_identification:_identify(src/rj_vision_receiver) by extensions ['ros']
[0.192s] Level 1:colcon.colcon_core.package_identification:_identify(src/rj_vision_receiver) by extension 'ros'
[0.192s] Level 1:colcon.colcon_core.package_identification:_identify(src/rj_vision_receiver) by extensions ['cmake', 'python']
[0.192s] Level 1:colcon.colcon_core.package_identification:_identify(src/rj_vision_receiver) by extension 'cmake'
[0.193s] Level 1:colcon.colcon_core.package_identification:_identify(src/rj_vision_receiver) by extension 'python'
[0.193s] DEBUG:colcon.colcon_core.package_identification:Package 'src/rj_vision_receiver' with type 'cmake' and name 'rj_vision_receiver'
[0.193s] Level 1:colcon.colcon_core.package_identification:_identify(src/soccer) by extensions ['ignore', 'ignore_ament_install']
[0.193s] Level 1:colcon.colcon_core.package_identification:_identify(src/soccer) by extension 'ignore'
[0.193s] Level 1:colcon.colcon_core.package_identification:_identify(src/soccer) by extension 'ignore_ament_install'
[0.193s] Level 1:colcon.colcon_core.package_identification:_identify(src/soccer) by extensions ['colcon_pkg']
[0.193s] Level 1:colcon.colcon_core.package_identification:_identify(src/soccer) by extension 'colcon_pkg'
[0.193s] Level 1:colcon.colcon_core.package_identification:_identify(src/soccer) by extensions ['colcon_meta']
[0.193s] Level 1:colcon.colcon_core.package_identification:_identify(src/soccer) by extension 'colcon_meta'
[0.193s] Level 1:colcon.colcon_core.package_identification:_identify(src/soccer) by extensions ['ros']
[0.193s] Level 1:colcon.colcon_core.package_identification:_identify(src/soccer) by extension 'ros'
[0.193s] Level 1:colcon.colcon_core.package_identification:_identify(src/soccer) by extensions ['cmake', 'python']
[0.193s] Level 1:colcon.colcon_core.package_identification:_identify(src/soccer) by extension 'cmake'
[0.194s] Level 1:colcon.colcon_core.package_identification:_identify(src/soccer) by extension 'python'
[0.195s] DEBUG:colcon.colcon_core.package_identification:Package 'src/soccer' with type 'cmake' and name 'soccer'
[0.195s] Level 1:colcon.colcon_core.package_identification:_identify(util) by extensions ['ignore', 'ignore_ament_install']
[0.195s] Level 1:colcon.colcon_core.package_identification:_identify(util) by extension 'ignore'
[0.195s] Level 1:colcon.colcon_core.package_identification:_identify(util) by extension 'ignore_ament_install'
[0.195s] Level 1:colcon.colcon_core.package_identification:_identify(util) by extensions ['colcon_pkg']
[0.195s] Level 1:colcon.colcon_core.package_identification:_identify(util) by extension 'colcon_pkg'
[0.195s] Level 1:colcon.colcon_core.package_identification:_identify(util) by extensions ['colcon_meta']
[0.195s] Level 1:colcon.colcon_core.package_identification:_identify(util) by extension 'colcon_meta'
[0.195s] Level 1:colcon.colcon_core.package_identification:_identify(util) by extensions ['ros']
[0.195s] Level 1:colcon.colcon_core.package_identification:_identify(util) by extension 'ros'
[0.195s] Level 1:colcon.colcon_core.package_identification:_identify(util) by extensions ['cmake', 'python']
[0.195s] Level 1:colcon.colcon_core.package_identification:_identify(util) by extension 'cmake'
[0.195s] Level 1:colcon.colcon_core.package_identification:_identify(util) by extension 'python'
[0.195s] Level 1:colcon.colcon_core.package_identification:_identify(util) by extensions ['python_setup_py']
[0.195s] Level 1:colcon.colcon_core.package_identification:_identify(util) by extension 'python_setup_py'
[0.195s] Level 1:colcon.colcon_core.package_identification:_identify(util/docker) by extensions ['ignore', 'ignore_ament_install']
[0.195s] Level 1:colcon.colcon_core.package_identification:_identify(util/docker) by extension 'ignore'
[0.195s] Level 1:colcon.colcon_core.package_identification:_identify(util/docker) by extension 'ignore_ament_install'
[0.195s] Level 1:colcon.colcon_core.package_identification:_identify(util/docker) by extensions ['colcon_pkg']
[0.195s] Level 1:colcon.colcon_core.package_identification:_identify(util/docker) by extension 'colcon_pkg'
[0.195s] Level 1:colcon.colcon_core.package_identification:_identify(util/docker) by extensions ['colcon_meta']
[0.195s] Level 1:colcon.colcon_core.package_identification:_identify(util/docker) by extension 'colcon_meta'
[0.195s] Level 1:colcon.colcon_core.package_identification:_identify(util/docker) by extensions ['ros']
[0.195s] Level 1:colcon.colcon_core.package_identification:_identify(util/docker) by extension 'ros'
[0.195s] Level 1:colcon.colcon_core.package_identification:_identify(util/docker) by extensions ['cmake', 'python']
[0.195s] Level 1:colcon.colcon_core.package_identification:_identify(util/docker) by extension 'cmake'
[0.195s] Level 1:colcon.colcon_core.package_identification:_identify(util/docker) by extension 'python'
[0.195s] Level 1:colcon.colcon_core.package_identification:_identify(util/docker) by extensions ['python_setup_py']
[0.195s] Level 1:colcon.colcon_core.package_identification:_identify(util/docker) by extension 'python_setup_py'
[0.195s] Level 1:colcon.colcon_core.package_identification:_identify(util/docker/baseimage) by extensions ['ignore', 'ignore_ament_install']
[0.195s] Level 1:colcon.colcon_core.package_identification:_identify(util/docker/baseimage) by extension 'ignore'
[0.195s] Level 1:colcon.colcon_core.package_identification:_identify(util/docker/baseimage) by extension 'ignore_ament_install'
[0.195s] Level 1:colcon.colcon_core.package_identification:_identify(util/docker/baseimage) by extensions ['colcon_pkg']
[0.195s] Level 1:colcon.colcon_core.package_identification:_identify(util/docker/baseimage) by extension 'colcon_pkg'
[0.195s] Level 1:colcon.colcon_core.package_identification:_identify(util/docker/baseimage) by extensions ['colcon_meta']
[0.195s] Level 1:colcon.colcon_core.package_identification:_identify(util/docker/baseimage) by extension 'colcon_meta'
[0.195s] Level 1:colcon.colcon_core.package_identification:_identify(util/docker/baseimage) by extensions ['ros']
[0.195s] Level 1:colcon.colcon_core.package_identification:_identify(util/docker/baseimage) by extension 'ros'
[0.195s] Level 1:colcon.colcon_core.package_identification:_identify(util/docker/baseimage) by extensions ['cmake', 'python']
[0.195s] Level 1:colcon.colcon_core.package_identification:_identify(util/docker/baseimage) by extension 'cmake'
[0.195s] Level 1:colcon.colcon_core.package_identification:_identify(util/docker/baseimage) by extension 'python'
[0.195s] Level 1:colcon.colcon_core.package_identification:_identify(util/docker/baseimage) by extensions ['python_setup_py']
[0.195s] Level 1:colcon.colcon_core.package_identification:_identify(util/docker/baseimage) by extension 'python_setup_py'
[0.195s] Level 1:colcon.colcon_core.package_identification:_identify(util/git-hooks) by extensions ['ignore', 'ignore_ament_install']
[0.195s] Level 1:colcon.colcon_core.package_identification:_identify(util/git-hooks) by extension 'ignore'
[0.195s] Level 1:colcon.colcon_core.package_identification:_identify(util/git-hooks) by extension 'ignore_ament_install'
[0.195s] Level 1:colcon.colcon_core.package_identification:_identify(util/git-hooks) by extensions ['colcon_pkg']
[0.195s] Level 1:colcon.colcon_core.package_identification:_identify(util/git-hooks) by extension 'colcon_pkg'
[0.196s] Level 1:colcon.colcon_core.package_identification:_identify(util/git-hooks) by extensions ['colcon_meta']
[0.196s] Level 1:colcon.colcon_core.package_identification:_identify(util/git-hooks) by extension 'colcon_meta'
[0.196s] Level 1:colcon.colcon_core.package_identification:_identify(util/git-hooks) by extensions ['ros']
[0.196s] Level 1:colcon.colcon_core.package_identification:_identify(util/git-hooks) by extension 'ros'
[0.196s] Level 1:colcon.colcon_core.package_identification:_identify(util/git-hooks) by extensions ['cmake', 'python']
[0.196s] Level 1:colcon.colcon_core.package_identification:_identify(util/git-hooks) by extension 'cmake'
[0.196s] Level 1:colcon.colcon_core.package_identification:_identify(util/git-hooks) by extension 'python'
[0.196s] Level 1:colcon.colcon_core.package_identification:_identify(util/git-hooks) by extensions ['python_setup_py']
[0.196s] Level 1:colcon.colcon_core.package_identification:_identify(util/git-hooks) by extension 'python_setup_py'
[0.196s] Level 1:colcon.colcon_core.package_discovery:discover_packages(recursive) using defaults
[0.196s] Level 1:colcon.colcon_core.package_discovery:discover_packages(ignore) discover
[0.196s] Level 1:colcon.colcon_core.package_discovery:discover_packages(ignore) using defaults
[0.196s] Level 1:colcon.colcon_core.package_discovery:discover_packages(path) discover
[0.196s] Level 1:colcon.colcon_core.package_discovery:discover_packages(path) using defaults
[0.214s] INFO:colcon.colcon_core.package_selection:Skipping not selected package 'external' in 'src/external'
[0.214s] INFO:colcon.colcon_core.package_selection:Skipping not selected package 'rj_constants' in 'src/rj_constants'
[0.214s] INFO:colcon.colcon_core.package_selection:Skipping not selected package 'rj_geometry_msgs' in 'src/rj_geometry_msgs'
[0.214s] INFO:colcon.colcon_core.package_selection:Skipping not selected package 'rj_param_utils' in 'src/rj_param_utils'
[0.214s] INFO:colcon.colcon_core.package_selection:Skipping not selected package 'rj_protos' in 'src/rj_protos'
[0.214s] INFO:colcon.colcon_core.package_selection:Skipping not selected package 'rj_robocup_docs' in 'src/docs'
[0.214s] INFO:colcon.colcon_core.package_selection:Skipping not selected package 'rj_topic_utils' in 'src/rj_topic_utils'
[0.214s] INFO:colcon.colcon_core.package_selection:Skipping not selected package 'geometry2d' in 'src/rj_geometry'
[0.214s] INFO:colcon.colcon_core.package_selection:Skipping not selected package 'rj_drawing_msgs' in 'src/rj_drawing_msgs'
[0.214s] INFO:colcon.colcon_core.package_selection:Skipping not selected package 'rj_msgs' in 'src/rj_msgs'
[0.214s] INFO:colcon.colcon_core.package_selection:Skipping not selected package 'rj_common' in 'src/rj_common'
[0.214s] INFO:colcon.colcon_core.package_selection:Skipping not selected package 'rj_config' in 'src/rj_config'
[0.214s] INFO:colcon.colcon_core.package_selection:Skipping not selected package 'rj_utils' in 'src/rj_utils'
[0.214s] INFO:colcon.colcon_core.package_selection:Skipping not selected package 'rj_vision_receiver' in 'src/rj_vision_receiver'
[0.214s] INFO:colcon.colcon_core.package_selection:Skipping not selected package 'soccer' in 'src/soccer'
[0.214s] Level 1:colcon.colcon_core.package_discovery:discover_packages(prefix_path) check parameters
[0.214s] Level 1:colcon.colcon_core.package_discovery:discover_packages(prefix_path) discover
[0.216s] DEBUG:colcon.colcon_installed_package_information.package_discovery:Found 232 installed packages in /opt/ros/humble
[0.216s] Level 1:colcon.colcon_core.package_discovery:discover_packages(prefix_path) using defaults
[0.235s] Level 5:colcon.colcon_core.verb:set package 'rj_convert' build argument 'cmake_args' from command line to 'None'
[0.235s] Level 5:colcon.colcon_core.verb:set package 'rj_convert' build argument 'cmake_target' from command line to 'None'
[0.235s] Level 5:colcon.colcon_core.verb:set package 'rj_convert' build argument 'cmake_target_skip_unavailable' from command line to 'False'
[0.235s] Level 5:colcon.colcon_core.verb:set package 'rj_convert' build argument 'cmake_clean_cache' from command line to 'True'
[0.235s] Level 5:colcon.colcon_core.verb:set package 'rj_convert' build argument 'cmake_clean_first' from command line to 'False'
[0.235s] Level 5:colcon.colcon_core.verb:set package 'rj_convert' build argument 'cmake_force_configure' from command line to 'False'
[0.235s] Level 5:colcon.colcon_core.verb:set package 'rj_convert' build argument 'ament_cmake_args' from command line to 'None'
[0.235s] Level 5:colcon.colcon_core.verb:set package 'rj_convert' build argument 'catkin_cmake_args' from command line to 'None'
[0.235s] Level 5:colcon.colcon_core.verb:set package 'rj_convert' build argument 'catkin_skip_building_tests' from command line to 'False'
[0.235s] DEBUG:colcon.colcon_core.verb:Building package 'rj_convert' with the following arguments: {'ament_cmake_args': None, 'build_base': '/root/robocup-software/build/rj_convert', 'catkin_cmake_args': None, 'catkin_skip_building_tests': False, 'cmake_args': None, 'cmake_clean_cache': True, 'cmake_clean_first': False, 'cmake_force_configure': False, 'cmake_target': None, 'cmake_target_skip_unavailable': False, 'install_base': '/root/robocup-software/install/rj_convert', 'merge_install': False, 'path': '/root/robocup-software/src/rj_convert', 'symlink_install': False, 'test_result_base': None}
[0.235s] INFO:colcon.colcon_core.executor:Executing jobs using 'parallel' executor
[0.236s] DEBUG:colcon.colcon_parallel_executor.executor.parallel:run_until_complete
[0.236s] INFO:colcon.colcon_ros.task.ament_cmake.build:Building ROS package in '/root/robocup-software/src/rj_convert' with build type 'ament_cmake'
[0.236s] INFO:colcon.colcon_cmake.task.cmake.build:Building CMake package in '/root/robocup-software/src/rj_convert'
[0.237s] INFO:colcon.colcon_core.plugin_system:Skipping extension 'colcon_core.shell.bat': Not used on non-Windows systems
[0.237s] INFO:colcon.colcon_core.shell:Skip shell extension 'powershell' for command environment: Not usable outside of PowerShell
[0.237s] DEBUG:colcon.colcon_core.shell:Skip shell extension 'dsv' for command environment
[0.241s] DEBUG:colcon.colcon_core.event_handler.log_command:Invoking command in '/root/robocup-software/build/rj_convert': CMAKE_PREFIX_PATH=/opt/ros/humble /usr/bin/cmake /root/robocup-software/src/rj_convert -DCMAKE_INSTALL_PREFIX=/root/robocup-software/install/rj_convert
[0.825s] DEBUG:colcon.colcon_core.event_handler.log_command:Invoked command in '/root/robocup-software/build/rj_convert' returned '1': CMAKE_PREFIX_PATH=/opt/ros/humble /usr/bin/cmake /root/robocup-software/src/rj_convert -DCMAKE_INSTALL_PREFIX=/root/robocup-software/install/rj_convert
[0.831s] Level 1:colcon.colcon_core.environment:create_environment_scripts_only(rj_convert)
[0.832s] Level 1:colcon.colcon_core.environment:checking '/root/robocup-software/install/rj_convert' for CMake module files
[0.833s] Level 1:colcon.colcon_core.environment:checking '/root/robocup-software/install/rj_convert' for CMake config files
[0.833s] Level 1:colcon.colcon_core.environment:checking '/root/robocup-software/install/rj_convert/bin'
[0.833s] Level 1:colcon.colcon_core.environment:checking '/root/robocup-software/install/rj_convert/lib/pkgconfig/rj_convert.pc'
[0.833s] Level 1:colcon.colcon_core.environment:checking '/root/robocup-software/install/rj_convert/lib/python3.10/site-packages'
[0.833s] Level 1:colcon.colcon_core.environment:checking '/root/robocup-software/install/rj_convert/bin'
[0.833s] INFO:colcon.colcon_core.shell:Creating package script '/root/robocup-software/install/rj_convert/share/rj_convert/package.ps1'
[0.834s] INFO:colcon.colcon_core.shell:Creating package descriptor '/root/robocup-software/install/rj_convert/share/rj_convert/package.dsv'
[0.834s] INFO:colcon.colcon_core.shell:Creating package script '/root/robocup-software/install/rj_convert/share/rj_convert/package.sh'
[0.834s] INFO:colcon.colcon_core.shell:Creating package script '/root/robocup-software/install/rj_convert/share/rj_convert/package.bash'
[0.835s] INFO:colcon.colcon_core.shell:Creating package script '/root/robocup-software/install/rj_convert/share/rj_convert/package.zsh'
[0.835s] Level 1:colcon.colcon_core.environment:create_file_with_runtime_dependencies(/root/robocup-software/install/rj_convert/share/colcon-core/packages/rj_convert)
[0.846s] DEBUG:colcon.colcon_parallel_executor.executor.parallel:closing loop
[0.846s] DEBUG:colcon.colcon_parallel_executor.executor.parallel:loop closed
[0.846s] DEBUG:colcon.colcon_parallel_executor.executor.parallel:run_until_complete finished with '1'
[0.846s] DEBUG:colcon.colcon_core.event_reactor:joining thread
[0.849s] INFO:colcon.colcon_core.plugin_system:Skipping extension 'colcon_notification.desktop_notification.terminal_notifier': Not used on non-Darwin systems
[0.849s] INFO:colcon.colcon_core.plugin_system:Skipping extension 'colcon_notification.desktop_notification.win32': Not used on non-Windows systems
[0.849s] INFO:colcon.colcon_notification.desktop_notification:Sending desktop notification using 'notify2'
[0.856s] DEBUG:colcon.colcon_core.event_reactor:joined thread
[0.857s] INFO:colcon.colcon_core.shell:Creating prefix script '/root/robocup-software/install/local_setup.ps1'
[0.858s] INFO:colcon.colcon_core.shell:Creating prefix util module '/root/robocup-software/install/_local_setup_util_ps1.py'
[0.859s] INFO:colcon.colcon_core.shell:Creating prefix chain script '/root/robocup-software/install/setup.ps1'
[0.859s] INFO:colcon.colcon_core.shell:Creating prefix script '/root/robocup-software/install/local_setup.sh'
[0.860s] INFO:colcon.colcon_core.shell:Creating prefix util module '/root/robocup-software/install/_local_setup_util_sh.py'
[0.860s] INFO:colcon.colcon_core.shell:Creating prefix chain script '/root/robocup-software/install/setup.sh'
[0.860s] INFO:colcon.colcon_core.shell:Creating prefix script '/root/robocup-software/install/local_setup.bash'
[0.861s] INFO:colcon.colcon_core.shell:Creating prefix chain script '/root/robocup-software/install/setup.bash'
[0.861s] INFO:colcon.colcon_core.shell:Creating prefix script '/root/robocup-software/install/local_setup.zsh'
[0.861s] INFO:colcon.colcon_core.shell:Creating prefix chain script '/root/robocup-software/install/setup.zsh'
