[0.009s] Invoking command in '/root/robocup-software/build/rj_convert': CMAKE_PREFIX_PATH=/opt/ros/humble /usr/bin/cmake /root/robocup-software/src/rj_convert -DCMAKE_INSTALL_PREFIX=/root/robocup-software/install/rj_convert
[0.046s] -- The C compiler identification is GNU 11.4.0
[0.094s] -- The CXX compiler identification is GNU 11.4.0
[0.099s] -- Detecting C compiler ABI info
[0.138s] -- Detecting C compiler ABI info - done
[0.143s] -- Check for working C compiler: /usr/bin/cc - skipped
[0.143s] -- Detecting C compile features
[0.144s] -- Detecting C compile features - done
[0.146s] -- Detecting CXX compiler ABI info
[0.186s] -- Detecting CXX compiler ABI info - done
[0.192s] -- Check for working CXX compiler: /usr/bin/c++ - skipped
[0.192s] -- Detecting CXX compile features
[0.192s] -- Detecting CXX compile features - done
[0.194s] -- Found ament_cmake: 1.3.10 (/opt/ros/humble/share/ament_cmake/cmake)
[0.277s] -- Found Python3: /usr/bin/python3 (found version "3.10.12") found components: Interpreter 
[0.321s] -- Found rclcpp: 16.0.10 (/opt/ros/humble/share/rclcpp/cmake)
[0.344s] -- Found rosidl_generator_c: 3.1.5 (/opt/ros/humble/share/rosidl_generator_c/cmake)
[0.346s] -- Found rosidl_adapter: 3.1.5 (/opt/ros/humble/share/rosidl_adapter/cmake)
[0.352s] -- Found rosidl_generator_cpp: 3.1.5 (/opt/ros/humble/share/rosidl_generator_cpp/cmake)
[0.358s] -- Using all available rosidl_typesupport_c: rosidl_typesupport_fastrtps_c;rosidl_typesupport_introspection_c
[0.367s] -- Using all available rosidl_typesupport_cpp: rosidl_typesupport_fastrtps_cpp;rosidl_typesupport_introspection_cpp
[0.394s] -- Found rmw_implementation_cmake: 6.1.2 (/opt/ros/humble/share/rmw_implementation_cmake/cmake)
[0.395s] -- Found rmw_fastrtps_cpp: 6.2.7 (/opt/ros/humble/share/rmw_fastrtps_cpp/cmake)
[0.440s] -- Found OpenSSL: /usr/lib/aarch64-linux-gnu/libcrypto.so (found version "3.0.2")  
[0.456s] -- Found FastRTPS: /opt/ros/humble/include  
[0.478s] -- Using RMW implementation 'rmw_fastrtps_cpp' as default
[0.483s] -- Looking for pthread.h
[0.523s] -- Looking for pthread.h - found
[0.524s] -- Performing Test CMAKE_HAVE_LIBC_PTHREAD
[0.566s] -- Performing Test CMAKE_HAVE_LIBC_PTHREAD - Success
[0.566s] -- Found Threads: TRUE  
[0.603s] -- Found ament_lint_auto: 0.12.11 (/opt/ros/humble/share/ament_lint_auto/cmake)
[0.647s] -- Found gtest sources under '/opt/ros/humble/src/gtest_vendor': C++ tests using 'Google Test' will be built
[0.654s] -- Added test 'copyright' to check source files copyright and LICENSE
[0.654s] -- Added test 'cppcheck' to perform static code analysis on C / C++ code
[0.654s] -- Configured cppcheck include dirs: /root/robocup-software/src/rj_convert/include
[0.654s] -- Configured cppcheck exclude dirs and/or files: 
[0.655s] -- Added test 'cpplint' to check C / C++ code against the Google style
[0.655s] -- Configured cpplint exclude dirs and/or files: 
[0.655s] -- Added test 'lint_cmake' to check CMake code style
[0.655s] -- Added test 'uncrustify' to check C / C++ code style
[0.655s] -- Configured uncrustify additional arguments: 
[0.656s] -- Added test 'xmllint' to check XML markup files
[0.656s] -- Configuring done
[0.689s] -- Generating done
[0.696s] -- Build files have been written to: /root/robocup-software/build/rj_convert
[0.705s] Invoked command in '/root/robocup-software/build/rj_convert' returned '0': CMAKE_PREFIX_PATH=/opt/ros/humble /usr/bin/cmake /root/robocup-software/src/rj_convert -DCMAKE_INSTALL_PREFIX=/root/robocup-software/install/rj_convert
[0.705s] Invoking command in '/root/robocup-software/build/rj_convert': CMAKE_PREFIX_PATH=/opt/ros/humble /usr/bin/cmake --build /root/robocup-software/build/rj_convert -- -j10 -l10
[0.730s] [ 16%] [32mBuilding CXX object gtest/CMakeFiles/gtest_main.dir/src/gtest_main.cc.o[0m
[0.730s] [ 33%] [32mBuilding CXX object gtest/CMakeFiles/gtest.dir/src/gtest-all.cc.o[0m
[1.335s] [ 50%] [32m[1mLinking CXX static library libgtest_main.a[0m
[1.818s] [ 50%] Built target gtest_main
[2.591s] [ 66%] [32m[1mLinking CXX static library libgtest.a[0m
[2.640s] [ 66%] Built target gtest
[2.648s] [ 83%] [32mBuilding CXX object CMakeFiles/test_rj_convert.dir/test/ros_convert_test.cpp.o[0m
[2.736s] [01m[K/root/robocup-software/src/rj_convert/test/ros_convert_test.cpp:5:10:[m[K [01;31m[Kfatal error: [m[Krj_convert/testing/ros_convert_testing.hpp: No such file or directory
[2.736s]     5 | #include [01;31m[K<rj_convert/testing/ros_convert_testing.hpp>[m[K
[2.736s]       |          [01;31m[K^~~~~~~~~~~~~~~~~~~~~~~~~~~~~~~~~~~~~~~~~~~~[m[K
[2.736s] compilation terminated.
[2.736s] gmake[2]: *** [CMakeFiles/test_rj_convert.dir/build.make:76: CMakeFiles/test_rj_convert.dir/test/ros_convert_test.cpp.o] Error 1
[2.736s] gmake[1]: *** [CMakeFiles/Makefile2:156: CMakeFiles/test_rj_convert.dir/all] Error 2
[2.737s] gmake: *** [Makefile:146: all] Error 2
[2.740s] Invoked command in '/root/robocup-software/build/rj_convert' returned '2': CMAKE_PREFIX_PATH=/opt/ros/humble /usr/bin/cmake --build /root/robocup-software/build/rj_convert -- -j10 -l10
