[0.006s] Invoking command in '/root/robocup-software/build/rj_convert': CMAKE_PREFIX_PATH=/opt/ros/humble /usr/bin/cmake /root/robocup-software/src/rj_convert -DCMAKE_INSTALL_PREFIX=/root/robocup-software/install/rj_convert
[0.154s] -- The C compiler identification is GNU 11.4.0
[0.249s] -- The CXX compiler identification is GNU 11.4.0
[0.256s] -- Detecting C compiler ABI info
[0.293s] -- Detecting C compiler ABI info - done
[0.298s] -- Check for working C compiler: /usr/bin/cc - skipped
[0.298s] -- Detecting C compile features
[0.299s] -- Detecting C compile features - done
[0.301s] -- Detecting CXX compiler ABI info
[0.340s] -- Detecting CXX compiler ABI info - done
[0.344s] -- Check for working CXX compiler: /usr/bin/c++ - skipped
[0.345s] -- Detecting CXX compile features
[0.345s] -- Detecting CXX compile features - done
[0.349s] -- Found ament_cmake: 1.3.10 (/opt/ros/humble/share/ament_cmake/cmake)
[0.431s] -- Found Python3: /usr/bin/python3 (found version "3.10.12") found components: Interpreter 
[0.484s] -- Found rclcpp: 16.0.10 (/opt/ros/humble/share/rclcpp/cmake)
[0.520s] -- Found rosidl_generator_c: 3.1.5 (/opt/ros/humble/share/rosidl_generator_c/cmake)
[0.523s] -- Found rosidl_adapter: 3.1.5 (/opt/ros/humble/share/rosidl_adapter/cmake)
[0.530s] -- Found rosidl_generator_cpp: 3.1.5 (/opt/ros/humble/share/rosidl_generator_cpp/cmake)
[0.540s] -- Using all available rosidl_typesupport_c: rosidl_typesupport_fastrtps_c;rosidl_typesupport_introspection_c
[0.550s] -- Using all available rosidl_typesupport_cpp: rosidl_typesupport_fastrtps_cpp;rosidl_typesupport_introspection_cpp
[0.580s] -- Found rmw_implementation_cmake: 6.1.2 (/opt/ros/humble/share/rmw_implementation_cmake/cmake)
[0.582s] -- Found rmw_fastrtps_cpp: 6.2.7 (/opt/ros/humble/share/rmw_fastrtps_cpp/cmake)
[0.628s] -- Found OpenSSL: /usr/lib/aarch64-linux-gnu/libcrypto.so (found version "3.0.2")  
[0.643s] -- Found FastRTPS: /opt/ros/humble/include  
[0.665s] -- Using RMW implementation 'rmw_fastrtps_cpp' as default
[0.671s] -- Looking for pthread.h
[0.717s] -- Looking for pthread.h - found
[0.717s] -- Performing Test CMAKE_HAVE_LIBC_PTHREAD
[0.753s] -- Performing Test CMAKE_HAVE_LIBC_PTHREAD - Success
[0.754s] -- Found Threads: TRUE  
[0.794s] -- Found ament_lint_auto: 0.12.11 (/opt/ros/humble/share/ament_lint_auto/cmake)
[0.843s] [31mCMake Error at test/CMakeLists.txt:3 (find_package):
[0.843s]   By not providing "Findrj_convert.cmake" in CMAKE_MODULE_PATH this project
[0.844s]   has asked CMake to find a package configuration file provided by
[0.844s]   "rj_convert", but CMake did not find one.
[0.844s] 
[0.844s]   Could not find a package configuration file provided by "rj_convert" with
[0.844s]   any of the following names:
[0.844s] 
[0.844s]     rj_convertConfig.cmake
[0.844s]     rj_convert-config.cmake
[0.844s] 
[0.844s]   Add the installation prefix of "rj_convert" to CMAKE_PREFIX_PATH or set
[0.844s]   "rj_convert_DIR" to a directory containing one of the above files.  If
[0.844s]   "rj_convert" provides a separate development package or SDK, be sure it has
[0.844s]   been installed.
[0.844s] 
[0.844s] [0m
[0.844s] -- Configuring incomplete, errors occurred!
[0.844s] See also "/root/robocup-software/build/rj_convert/CMakeFiles/CMakeOutput.log".
[0.849s] Invoked command in '/root/robocup-software/build/rj_convert' returned '1': CMAKE_PREFIX_PATH=/opt/ros/humble /usr/bin/cmake /root/robocup-software/src/rj_convert -DCMAKE_INSTALL_PREFIX=/root/robocup-software/install/rj_convert
